Archive member included to satisfy reference by file (symbol)

/usr/lib/x86_64-linux-gnu/libc_nonshared.a(elf-init.oS)
                              /usr/lib/gcc/x86_64-linux-gnu/5/../../../x86_64-linux-gnu/crt1.o (__libc_csu_init)

Discarded input sections

 .note.GNU-stack
                0x0000000000000000        0x0 /usr/lib/gcc/x86_64-linux-gnu/5/../../../x86_64-linux-gnu/crt1.o
 .note.GNU-stack
                0x0000000000000000        0x0 /usr/lib/gcc/x86_64-linux-gnu/5/../../../x86_64-linux-gnu/crti.o
 .note.GNU-stack
                0x0000000000000000        0x0 /usr/lib/gcc/x86_64-linux-gnu/5/crtbegin.o
 .note.GNU-stack
                0x0000000000000000        0x0 ./src/main.o
 .note.GNU-stack
                0x0000000000000000        0x0 ./src/memory.o
 .note.GNU-stack
                0x0000000000000000        0x0 ./src/stats.o
 .note.GNU-stack
                0x0000000000000000        0x0 ./src/data.o
 .note.GNU-stack
                0x0000000000000000        0x0 ./src/course1.o
 .note.GNU-stack
                0x0000000000000000        0x0 /usr/lib/x86_64-linux-gnu/libc_nonshared.a(elf-init.oS)
 .note.GNU-stack
                0x0000000000000000        0x0 /usr/lib/gcc/x86_64-linux-gnu/5/crtend.o
 .note.GNU-stack
                0x0000000000000000        0x0 /usr/lib/gcc/x86_64-linux-gnu/5/../../../x86_64-linux-gnu/crtn.o

Memory Configuration

Name             Origin             Length             Attributes
*default*        0x0000000000000000 0xffffffffffffffff

Linker script and memory map

LOAD /usr/lib/gcc/x86_64-linux-gnu/5/../../../x86_64-linux-gnu/crt1.o
LOAD /usr/lib/gcc/x86_64-linux-gnu/5/../../../x86_64-linux-gnu/crti.o
LOAD /usr/lib/gcc/x86_64-linux-gnu/5/crtbegin.o
LOAD ./src/main.o
LOAD ./src/memory.o
LOAD ./src/stats.o
LOAD ./src/data.o
LOAD ./src/course1.o
LOAD /usr/lib/gcc/x86_64-linux-gnu/5/libgcc.a
LOAD /usr/lib/gcc/x86_64-linux-gnu/5/libgcc_s.so
LOAD /usr/lib/gcc/x86_64-linux-gnu/5/../../../x86_64-linux-gnu/libc.so
START GROUP
LOAD /lib/x86_64-linux-gnu/libc.so.6
LOAD /usr/lib/x86_64-linux-gnu/libc_nonshared.a
LOAD /lib/x86_64-linux-gnu/ld-linux-x86-64.so.2
END GROUP
LOAD /usr/lib/gcc/x86_64-linux-gnu/5/libgcc.a
LOAD /usr/lib/gcc/x86_64-linux-gnu/5/libgcc_s.so
LOAD /usr/lib/gcc/x86_64-linux-gnu/5/crtend.o
LOAD /usr/lib/gcc/x86_64-linux-gnu/5/../../../x86_64-linux-gnu/crtn.o
                [!provide]                        PROVIDE (__executable_start, 0x400000)
                0x0000000000400238                . = (0x400000 + SIZEOF_HEADERS)

.interp         0x0000000000400238       0x1c
 *(.interp)
 .interp        0x0000000000400238       0x1c /usr/lib/gcc/x86_64-linux-gnu/5/../../../x86_64-linux-gnu/crt1.o

.note.ABI-tag   0x0000000000400254       0x20
 .note.ABI-tag  0x0000000000400254       0x20 /usr/lib/gcc/x86_64-linux-gnu/5/../../../x86_64-linux-gnu/crt1.o

.note.gnu.build-id
                0x0000000000400274       0x24
 *(.note.gnu.build-id)
 .note.gnu.build-id
                0x0000000000400274       0x24 /usr/lib/gcc/x86_64-linux-gnu/5/../../../x86_64-linux-gnu/crt1.o

.hash
 *(.hash)

.gnu.hash       0x0000000000400298       0x1c
 *(.gnu.hash)
 .gnu.hash      0x0000000000400298       0x1c /usr/lib/gcc/x86_64-linux-gnu/5/../../../x86_64-linux-gnu/crt1.o

.dynsym         0x00000000004002b8       0xd8
 *(.dynsym)
 .dynsym        0x00000000004002b8       0xd8 /usr/lib/gcc/x86_64-linux-gnu/5/../../../x86_64-linux-gnu/crt1.o

.dynstr         0x0000000000400390       0x73
 *(.dynstr)
 .dynstr        0x0000000000400390       0x73 /usr/lib/gcc/x86_64-linux-gnu/5/../../../x86_64-linux-gnu/crt1.o

.gnu.version    0x0000000000400404       0x12
 *(.gnu.version)
 .gnu.version   0x0000000000400404       0x12 /usr/lib/gcc/x86_64-linux-gnu/5/../../../x86_64-linux-gnu/crt1.o

.gnu.version_d  0x0000000000400418        0x0
 *(.gnu.version_d)
 .gnu.version_d
                0x0000000000400418        0x0 /usr/lib/gcc/x86_64-linux-gnu/5/../../../x86_64-linux-gnu/crt1.o

.gnu.version_r  0x0000000000400418       0x30
 *(.gnu.version_r)
 .gnu.version_r
                0x0000000000400418       0x30 /usr/lib/gcc/x86_64-linux-gnu/5/../../../x86_64-linux-gnu/crt1.o

.rela.dyn       0x0000000000400448       0x18
 *(.rela.init)
 *(.rela.text .rela.text.* .rela.gnu.linkonce.t.*)
 .rela.text     0x0000000000400448        0x0 /usr/lib/gcc/x86_64-linux-gnu/5/../../../x86_64-linux-gnu/crt1.o
 *(.rela.fini)
 *(.rela.rodata .rela.rodata.* .rela.gnu.linkonce.r.*)
 *(.rela.data .rela.data.* .rela.gnu.linkonce.d.*)
 *(.rela.tdata .rela.tdata.* .rela.gnu.linkonce.td.*)
 *(.rela.tbss .rela.tbss.* .rela.gnu.linkonce.tb.*)
 *(.rela.ctors)
 *(.rela.dtors)
 *(.rela.got)
 .rela.got      0x0000000000400448       0x18 /usr/lib/gcc/x86_64-linux-gnu/5/../../../x86_64-linux-gnu/crt1.o
 *(.rela.bss .rela.bss.* .rela.gnu.linkonce.b.*)
 .rela.bss      0x0000000000400460        0x0 /usr/lib/gcc/x86_64-linux-gnu/5/../../../x86_64-linux-gnu/crt1.o
 *(.rela.ldata .rela.ldata.* .rela.gnu.linkonce.l.*)
 *(.rela.lbss .rela.lbss.* .rela.gnu.linkonce.lb.*)
 *(.rela.lrodata .rela.lrodata.* .rela.gnu.linkonce.lr.*)
 *(.rela.ifunc)

.rela.plt       0x0000000000400460       0xa8
 *(.rela.plt)
 .rela.plt      0x0000000000400460       0xa8 /usr/lib/gcc/x86_64-linux-gnu/5/../../../x86_64-linux-gnu/crt1.o
                [!provide]                        PROVIDE (__rela_iplt_start, .)
 *(.rela.iplt)
 .rela.iplt     0x0000000000400508        0x0 /usr/lib/gcc/x86_64-linux-gnu/5/../../../x86_64-linux-gnu/crt1.o
                [!provide]                        PROVIDE (__rela_iplt_end, .)

.init           0x0000000000400508       0x1a
 *(SORT(.init))
 .init          0x0000000000400508       0x15 /usr/lib/gcc/x86_64-linux-gnu/5/../../../x86_64-linux-gnu/crti.o
                0x0000000000400508                _init
 .init          0x000000000040051d        0x5 /usr/lib/gcc/x86_64-linux-gnu/5/../../../x86_64-linux-gnu/crtn.o

.plt            0x0000000000400530       0x80
 *(.plt)
 .plt           0x0000000000400530       0x80 /usr/lib/gcc/x86_64-linux-gnu/5/../../../x86_64-linux-gnu/crt1.o
                0x0000000000400540                free@@GLIBC_2.2.5
                0x0000000000400550                putchar@@GLIBC_2.2.5
                0x0000000000400560                puts@@GLIBC_2.2.5
                0x0000000000400570                __stack_chk_fail@@GLIBC_2.4
                0x0000000000400580                printf@@GLIBC_2.2.5
                0x0000000000400590                __libc_start_main@@GLIBC_2.2.5
                0x00000000004005a0                malloc@@GLIBC_2.2.5
 *(.iplt)
 .iplt          0x00000000004005b0        0x0 /usr/lib/gcc/x86_64-linux-gnu/5/../../../x86_64-linux-gnu/crt1.o

.plt.got        0x00000000004005b0        0x8
 *(.plt.got)
 .plt.got       0x00000000004005b0        0x8 /usr/lib/gcc/x86_64-linux-gnu/5/../../../x86_64-linux-gnu/crt1.o

.plt.bnd
 *(.plt.bnd)

.text           0x00000000004005c0     0x1262
 *(.text.unlikely .text.*_unlikely .text.unlikely.*)
 .text.unlikely
                0x00000000004005c0        0x0 /usr/lib/gcc/x86_64-linux-gnu/5/crtbegin.o
 .text.unlikely
                0x00000000004005c0        0x0 /usr/lib/x86_64-linux-gnu/libc_nonshared.a(elf-init.oS)
 *(.text.exit .text.exit.*)
 *(.text.startup .text.startup.*)
 *(.text.hot .text.hot.*)
 *(.text .stub .text.* .gnu.linkonce.t.*)
 .text          0x00000000004005c0       0x2a /usr/lib/gcc/x86_64-linux-gnu/5/../../../x86_64-linux-gnu/crt1.o
                0x00000000004005c0                _start
 .text          0x00000000004005ea        0x0 /usr/lib/gcc/x86_64-linux-gnu/5/../../../x86_64-linux-gnu/crti.o
 *fill*         0x00000000004005ea        0x6 
 .text          0x00000000004005f0       0xc6 /usr/lib/gcc/x86_64-linux-gnu/5/crtbegin.o
 .text          0x00000000004006b6       0x1b ./src/main.o
                0x00000000004006b6                main
 .text          0x00000000004006d1      0x344 ./src/memory.o
                0x00000000004006d1                my_memmove
                0x000000000040078d                my_memcopy
                0x00000000004007d6                my_memset
                0x0000000000400815                my_memzero
                0x000000000040084c                my_reverse
                0x0000000000400901                reserve_words
                0x000000000040091f                free_words
                0x0000000000400949                set_value
                0x000000000040096c                clear_value
                0x0000000000400994                get_value
                0x00000000004009ae                set_all
                0x00000000004009ef                clear_all
 .text          0x0000000000400a15      0x2f2 ./src/stats.o
                0x0000000000400a15                print_statistics
                0x0000000000400acc                print_array
                0x0000000000400b2e                find_median
                0x0000000000400b64                find_mean
                0x0000000000400c03                find_maximum
                0x0000000000400c37                find_minimum
                0x0000000000400c60                sort_array
 .text          0x0000000000400d07      0x193 ./src/data.o
                0x0000000000400d07                my_itoa
                0x0000000000400e21                my_atoi
 .text          0x0000000000400e9a      0x915 ./src/course1.o
                0x0000000000400e9a                test_data1
                0x0000000000400f68                test_data2
                0x0000000000401036                test_memmove1
                0x0000000000401123                test_memmove2
                0x0000000000401210                test_memmove3
                0x0000000000401302                test_memcopy
                0x00000000004013ef                test_memset
                0x0000000000401513                test_reverse
                0x000000000040168e                course1
 *fill*         0x00000000004017af        0x1 
 .text          0x00000000004017b0       0x72 /usr/lib/x86_64-linux-gnu/libc_nonshared.a(elf-init.oS)
                0x00000000004017b0                __libc_csu_init
                0x0000000000401820                __libc_csu_fini
 .text          0x0000000000401822        0x0 /usr/lib/gcc/x86_64-linux-gnu/5/crtend.o
 .text          0x0000000000401822        0x0 /usr/lib/gcc/x86_64-linux-gnu/5/../../../x86_64-linux-gnu/crtn.o
 *(.gnu.warning)

.fini           0x0000000000401824        0x9
 *(SORT(.fini))
 .fini          0x0000000000401824        0x4 /usr/lib/gcc/x86_64-linux-gnu/5/../../../x86_64-linux-gnu/crti.o
                0x0000000000401824                _fini
 .fini          0x0000000000401828        0x5 /usr/lib/gcc/x86_64-linux-gnu/5/../../../x86_64-linux-gnu/crtn.o
                [!provide]                        PROVIDE (__etext, .)
                [!provide]                        PROVIDE (_etext, .)
                [!provide]                        PROVIDE (etext, .)

.rodata         0x0000000000401830      0x1f5
 *(.rodata .rodata.* .gnu.linkonce.r.*)
 .rodata.cst4   0x0000000000401830        0x4 /usr/lib/gcc/x86_64-linux-gnu/5/../../../x86_64-linux-gnu/crt1.o
                0x0000000000401830                _IO_stdin_used
 .rodata        0x0000000000401834       0x3e ./src/stats.o
 *fill*         0x0000000000401872        0x6 
 .rodata        0x0000000000401878      0x1ad ./src/course1.o

.rodata1
 *(.rodata1)

.eh_frame_hdr   0x0000000000401a28      0x124
 *(.eh_frame_hdr)
 .eh_frame_hdr  0x0000000000401a28      0x124 /usr/lib/gcc/x86_64-linux-gnu/5/../../../x86_64-linux-gnu/crt1.o
                0x0000000000401a28                __GNU_EH_FRAME_HDR
 *(.eh_frame_entry .eh_frame_entry.*)

.eh_frame       0x0000000000401b50      0x4b4
 *(.eh_frame)
 .eh_frame      0x0000000000401b50       0x30 /usr/lib/gcc/x86_64-linux-gnu/5/../../../x86_64-linux-gnu/crt1.o
 .eh_frame      0x0000000000401b80       0x40 /usr/lib/gcc/x86_64-linux-gnu/5/../../../x86_64-linux-gnu/crt1.o
 .eh_frame      0x0000000000401bc0       0x20 ./src/main.o
                                         0x38 (size before relaxing)
 .eh_frame      0x0000000000401be0      0x180 ./src/memory.o
                                        0x198 (size before relaxing)
 .eh_frame      0x0000000000401d60       0xe0 ./src/stats.o
                                         0xf8 (size before relaxing)
 .eh_frame      0x0000000000401e40       0x40 ./src/data.o
                                         0x58 (size before relaxing)
 .eh_frame      0x0000000000401e80      0x120 ./src/course1.o
                                        0x138 (size before relaxing)
 .eh_frame      0x0000000000401fa0       0x60 /usr/lib/x86_64-linux-gnu/libc_nonshared.a(elf-init.oS)
                                         0x78 (size before relaxing)
 .eh_frame      0x0000000000402000        0x4 /usr/lib/gcc/x86_64-linux-gnu/5/crtend.o
 *(.eh_frame.*)

.gcc_except_table
 *(.gcc_except_table .gcc_except_table.*)

.gnu_extab
 *(.gnu_extab*)

.exception_ranges
 *(.exception_ranges .exception_ranges*)
                0x0000000000602e10                . = DATA_SEGMENT_ALIGN (0x200000, 0x1000)

.eh_frame
 *(.eh_frame)
 *(.eh_frame.*)

.gnu_extab
 *(.gnu_extab)

.gcc_except_table
 *(.gcc_except_table .gcc_except_table.*)

.exception_ranges
 *(.exception_ranges .exception_ranges*)

.tdata
 *(.tdata .tdata.* .gnu.linkonce.td.*)

.tbss
 *(.tbss .tbss.* .gnu.linkonce.tb.*)
 *(.tcommon)

.preinit_array  0x0000000000602e10        0x0
                [!provide]                        PROVIDE (__preinit_array_start, .)
 *(.preinit_array)
                [!provide]                        PROVIDE (__preinit_array_end, .)

.init_array     0x0000000000602e10        0x8
                0x0000000000602e10                PROVIDE (__init_array_start, .)
 *(SORT(.init_array.*) SORT(.ctors.*))
 *(.init_array EXCLUDE_FILE(*crtend?.o *crtend.o *crtbegin?.o *crtbegin.o) .ctors)
 .init_array    0x0000000000602e10        0x8 /usr/lib/gcc/x86_64-linux-gnu/5/crtbegin.o
                0x0000000000602e18                PROVIDE (__init_array_end, .)

.fini_array     0x0000000000602e18        0x8
                [!provide]                        PROVIDE (__fini_array_start, .)
 *(SORT(.fini_array.*) SORT(.dtors.*))
 *(.fini_array EXCLUDE_FILE(*crtend?.o *crtend.o *crtbegin?.o *crtbegin.o) .dtors)
 .fini_array    0x0000000000602e18        0x8 /usr/lib/gcc/x86_64-linux-gnu/5/crtbegin.o
                [!provide]                        PROVIDE (__fini_array_end, .)

.ctors
 *crtbegin.o(.ctors)
 *crtbegin?.o(.ctors)
 *(EXCLUDE_FILE(*crtend?.o *crtend.o) .ctors)
 *(SORT(.ctors.*))
 *(.ctors)

.dtors
 *crtbegin.o(.dtors)
 *crtbegin?.o(.dtors)
 *(EXCLUDE_FILE(*crtend?.o *crtend.o) .dtors)
 *(SORT(.dtors.*))
 *(.dtors)

.jcr            0x0000000000602e20        0x8
 *(.jcr)
 .jcr           0x0000000000602e20        0x0 /usr/lib/gcc/x86_64-linux-gnu/5/crtbegin.o
 .jcr           0x0000000000602e20        0x8 /usr/lib/gcc/x86_64-linux-gnu/5/crtend.o

.data.rel.ro
 *(.data.rel.ro.local* .gnu.linkonce.d.rel.ro.local.*)
 *(.data.rel.ro .data.rel.ro.* .gnu.linkonce.d.rel.ro.*)

.dynamic        0x0000000000602e28      0x1d0
 *(.dynamic)
 .dynamic       0x0000000000602e28      0x1d0 /usr/lib/gcc/x86_64-linux-gnu/5/../../../x86_64-linux-gnu/crt1.o
                0x0000000000602e28                _DYNAMIC

.got            0x0000000000602ff8        0x8
 *(.got)
 .got           0x0000000000602ff8        0x8 /usr/lib/gcc/x86_64-linux-gnu/5/../../../x86_64-linux-gnu/crt1.o
 *(.igot)
                0x0000000000603fe8                . = DATA_SEGMENT_RELRO_END (., (SIZEOF (.got.plt) >= 0x18)?0x18:0x0)

.got.plt        0x0000000000603000       0x50
 *(.got.plt)
 .got.plt       0x0000000000603000       0x50 /usr/lib/gcc/x86_64-linux-gnu/5/../../../x86_64-linux-gnu/crt1.o
                0x0000000000603000                _GLOBAL_OFFSET_TABLE_
 *(.igot.plt)
 .igot.plt      0x0000000000603050        0x0 /usr/lib/gcc/x86_64-linux-gnu/5/../../../x86_64-linux-gnu/crt1.o

.data           0x0000000000603050       0x10
 *(.data .data.* .gnu.linkonce.d.*)
 .data          0x0000000000603050        0x4 /usr/lib/gcc/x86_64-linux-gnu/5/../../../x86_64-linux-gnu/crt1.o
                0x0000000000603050                data_start
                0x0000000000603050                __data_start
 .data          0x0000000000603054        0x0 /usr/lib/gcc/x86_64-linux-gnu/5/../../../x86_64-linux-gnu/crti.o
 *fill*         0x0000000000603054        0x4 
 .data          0x0000000000603058        0x8 /usr/lib/gcc/x86_64-linux-gnu/5/crtbegin.o
                0x0000000000603058                __dso_handle
 .data          0x0000000000603060        0x0 ./src/main.o
 .data          0x0000000000603060        0x0 ./src/memory.o
 .data          0x0000000000603060        0x0 ./src/stats.o
 .data          0x0000000000603060        0x0 ./src/data.o
 .data          0x0000000000603060        0x0 ./src/course1.o
 .data          0x0000000000603060        0x0 /usr/lib/x86_64-linux-gnu/libc_nonshared.a(elf-init.oS)
 .data          0x0000000000603060        0x0 /usr/lib/gcc/x86_64-linux-gnu/5/crtend.o
 .data          0x0000000000603060        0x0 /usr/lib/gcc/x86_64-linux-gnu/5/../../../x86_64-linux-gnu/crtn.o

.tm_clone_table
                0x0000000000603060        0x0
 .tm_clone_table
                0x0000000000603060        0x0 /usr/lib/gcc/x86_64-linux-gnu/5/crtbegin.o
 .tm_clone_table
                0x0000000000603060        0x0 /usr/lib/gcc/x86_64-linux-gnu/5/crtend.o

.data1
 *(.data1)
                0x0000000000603060                _edata = .
                [!provide]                        PROVIDE (edata, .)
                0x0000000000603060                . = .
                0x0000000000603060                __bss_start = .

.bss            0x0000000000603060        0x8
 *(.dynbss)
 .dynbss        0x0000000000603060        0x0 /usr/lib/gcc/x86_64-linux-gnu/5/../../../x86_64-linux-gnu/crt1.o
 *(.bss .bss.* .gnu.linkonce.b.*)
 .bss           0x0000000000603060        0x0 /usr/lib/gcc/x86_64-linux-gnu/5/../../../x86_64-linux-gnu/crt1.o
 .bss           0x0000000000603060        0x0 /usr/lib/gcc/x86_64-linux-gnu/5/../../../x86_64-linux-gnu/crti.o
 .bss           0x0000000000603060        0x1 /usr/lib/gcc/x86_64-linux-gnu/5/crtbegin.o
 .bss           0x0000000000603061        0x0 ./src/main.o
 .bss           0x0000000000603061        0x0 ./src/memory.o
 .bss           0x0000000000603061        0x0 ./src/stats.o
 .bss           0x0000000000603061        0x0 ./src/data.o
 .bss           0x0000000000603061        0x0 ./src/course1.o
 .bss           0x0000000000603061        0x0 /usr/lib/x86_64-linux-gnu/libc_nonshared.a(elf-init.oS)
 .bss           0x0000000000603061        0x0 /usr/lib/gcc/x86_64-linux-gnu/5/crtend.o
 .bss           0x0000000000603061        0x0 /usr/lib/gcc/x86_64-linux-gnu/5/../../../x86_64-linux-gnu/crtn.o
 *(COMMON)
                0x0000000000603068                . = ALIGN ((. != 0x0)?0x8:0x1)
 *fill*         0x0000000000603061        0x7 

.lbss
 *(.dynlbss)
 *(.lbss .lbss.* .gnu.linkonce.lb.*)
 *(LARGE_COMMON)
                0x0000000000603068                . = ALIGN (0x8)
                0x0000000000603068                . = SEGMENT_START ("ldata-segment", .)

.lrodata
 *(.lrodata .lrodata.* .gnu.linkonce.lr.*)

.ldata          0x0000000000a03068        0x0
 *(.ldata .ldata.* .gnu.linkonce.l.*)
                0x0000000000a03068                . = ALIGN ((. != 0x0)?0x8:0x1)
                0x0000000000a03068                . = ALIGN (0x8)
                0x0000000000a03068                _end = .
                [!provide]                        PROVIDE (end, .)
                0x0000000000a03068                . = DATA_SEGMENT_END (.)

.stab
 *(.stab)

.stabstr
 *(.stabstr)

.stab.excl
 *(.stab.excl)

.stab.exclstr
 *(.stab.exclstr)

.stab.index
 *(.stab.index)

.stab.indexstr
 *(.stab.indexstr)

.comment        0x0000000000000000       0x35
 *(.comment)
 .comment       0x0000000000000000       0x35 /usr/lib/gcc/x86_64-linux-gnu/5/crtbegin.o
                                         0x36 (size before relaxing)
 .comment       0x0000000000000035       0x36 ./src/main.o
 .comment       0x0000000000000035       0x36 ./src/memory.o
 .comment       0x0000000000000035       0x36 ./src/stats.o
 .comment       0x0000000000000035       0x36 ./src/data.o
 .comment       0x0000000000000035       0x36 ./src/course1.o
 .comment       0x0000000000000035       0x36 /usr/lib/gcc/x86_64-linux-gnu/5/crtend.o

.debug
 *(.debug)

.line
 *(.line)

.debug_srcinfo
 *(.debug_srcinfo)

.debug_sfnames
 *(.debug_sfnames)

.debug_aranges  0x0000000000000000       0xf0
 *(.debug_aranges)
 .debug_aranges
                0x0000000000000000       0x30 ./src/main.o
 .debug_aranges
                0x0000000000000030       0x30 ./src/memory.o
 .debug_aranges
                0x0000000000000060       0x30 ./src/stats.o
 .debug_aranges
                0x0000000000000090       0x30 ./src/data.o
 .debug_aranges
                0x00000000000000c0       0x30 ./src/course1.o

.debug_pubnames
 *(.debug_pubnames)

.debug_info     0x0000000000000000      0xe2a
 *(.debug_info .gnu.linkonce.wi.*)
 .debug_info    0x0000000000000000       0xc3 ./src/main.o
 .debug_info    0x00000000000000c3      0x4d5 ./src/memory.o
 .debug_info    0x0000000000000598      0x2b0 ./src/stats.o
 .debug_info    0x0000000000000848      0x1c4 ./src/data.o
 .debug_info    0x0000000000000a0c      0x41e ./src/course1.o

.debug_abbrev   0x0000000000000000      0x3f3
 *(.debug_abbrev)
 .debug_abbrev  0x0000000000000000       0x65 ./src/main.o
 .debug_abbrev  0x0000000000000065      0x114 ./src/memory.o
 .debug_abbrev  0x0000000000000179       0xd3 ./src/stats.o
 .debug_abbrev  0x000000000000024c       0xc4 ./src/data.o
 .debug_abbrev  0x0000000000000310       0xe3 ./src/course1.o

.debug_line     0x0000000000000000      0x49b
 *(.debug_line .debug_line.* .debug_line_end)
 .debug_line    0x0000000000000000       0x41 ./src/main.o
 .debug_line    0x0000000000000041      0x132 ./src/memory.o
 .debug_line    0x0000000000000173       0xb7 ./src/stats.o
 .debug_line    0x000000000000022a       0x8d ./src/data.o
 .debug_line    0x00000000000002b7      0x1e4 ./src/course1.o

.debug_frame
 *(.debug_frame)

.debug_str      0x0000000000000000      0x324
 *(.debug_str)
 .debug_str     0x0000000000000000      0x118 ./src/main.o
                                        0x13f (size before relaxing)
 .debug_str     0x0000000000000118       0xd5 ./src/memory.o
                                        0x1ff (size before relaxing)
 .debug_str     0x00000000000001ed       0x64 ./src/stats.o
                                        0x190 (size before relaxing)
 .debug_str     0x0000000000000251       0x46 ./src/data.o
                                        0x199 (size before relaxing)
 .debug_str     0x0000000000000297       0x8d ./src/course1.o
                                        0x1ec (size before relaxing)

.debug_loc
 *(.debug_loc)

.debug_macinfo
 *(.debug_macinfo)

.debug_weaknames
 *(.debug_weaknames)

.debug_funcnames
 *(.debug_funcnames)

.debug_typenames
 *(.debug_typenames)

.debug_varnames
 *(.debug_varnames)

.debug_pubtypes
 *(.debug_pubtypes)

.debug_ranges
 *(.debug_ranges)

.debug_macro
 *(.debug_macro)

.gnu.attributes
 *(.gnu.attributes)

/DISCARD/
 *(.note.GNU-stack)
 *(.gnu_debuglink)
 *(.gnu.lto_*)
OUTPUT(c1m2.out elf64-x86-64)
